C:\Users\himan\OneDrive\Desktop\backend development\APPLICATION\BLOG-APP\src\main\java\com\example\blog\entities\User.java
C:\Users\himan\OneDrive\Desktop\backend development\APPLICATION\BLOG-APP\src\main\java\com\example\blog\payloads\JwtAuthResponse.java
C:\Users\himan\OneDrive\Desktop\backend development\APPLICATION\BLOG-APP\src\main\java\com\example\blog\config\ContentConfig.java
C:\Users\himan\OneDrive\Desktop\backend development\APPLICATION\BLOG-APP\src\main\java\com\example\blog\payloads\PostDto.java
C:\Users\himan\OneDrive\Desktop\backend development\APPLICATION\BLOG-APP\src\main\java\com\example\blog\services\PostService.java
C:\Users\himan\OneDrive\Desktop\backend development\APPLICATION\BLOG-APP\src\main\java\com\example\blog\exceptions\ResourceNotFoundException.java
C:\Users\himan\OneDrive\Desktop\backend development\APPLICATION\BLOG-APP\src\main\java\com\example\blog\repositories\RoleRepo.java
C:\Users\himan\OneDrive\Desktop\backend development\APPLICATION\BLOG-APP\src\main\java\com\example\blog\entities\Comment.java
C:\Users\himan\OneDrive\Desktop\backend development\APPLICATION\BLOG-APP\src\main\java\com\example\blog\security\JwtAuthenticationEntryPoint.java
C:\Users\himan\OneDrive\Desktop\backend development\APPLICATION\BLOG-APP\src\main\java\com\example\blog\payloads\RoleDto.java
C:\Users\himan\OneDrive\Desktop\backend development\APPLICATION\BLOG-APP\src\main\java\com\example\blog\config\AppConstants.java
C:\Users\himan\OneDrive\Desktop\backend development\APPLICATION\BLOG-APP\src\main\java\com\example\blog\config\SecurityConfig.java
C:\Users\himan\OneDrive\Desktop\backend development\APPLICATION\BLOG-APP\src\main\java\com\example\blog\config\SwaggerConfig.java
C:\Users\himan\OneDrive\Desktop\backend development\APPLICATION\BLOG-APP\src\main\java\com\example\blog\services\CategoryService.java
C:\Users\himan\OneDrive\Desktop\backend development\APPLICATION\BLOG-APP\src\main\java\com\example\blog\repositories\CategoryRepo.java
C:\Users\himan\OneDrive\Desktop\backend development\APPLICATION\BLOG-APP\src\main\java\com\example\blog\services\impl\PostServiceImpl.java
C:\Users\himan\OneDrive\Desktop\backend development\APPLICATION\BLOG-APP\src\main\java\com\example\blog\security\CostumUserDetailService.java
C:\Users\himan\OneDrive\Desktop\backend development\APPLICATION\BLOG-APP\src\main\java\com\example\blog\payloads\CommentDto.java
C:\Users\himan\OneDrive\Desktop\backend development\APPLICATION\BLOG-APP\src\main\java\com\example\blog\repositories\PostRepo.java
C:\Users\himan\OneDrive\Desktop\backend development\APPLICATION\BLOG-APP\src\main\java\com\example\blog\payloads\ApiResponse.java
C:\Users\himan\OneDrive\Desktop\backend development\APPLICATION\BLOG-APP\src\main\java\com\example\blog\payloads\PageResponse.java
C:\Users\himan\OneDrive\Desktop\backend development\APPLICATION\BLOG-APP\src\main\java\com\example\blog\payloads\UserDto.java
C:\Users\himan\OneDrive\Desktop\backend development\APPLICATION\BLOG-APP\src\main\java\com\example\blog\services\FileService.java
C:\Users\himan\OneDrive\Desktop\backend development\APPLICATION\BLOG-APP\src\main\java\com\example\blog\entities\Post.java
C:\Users\himan\OneDrive\Desktop\backend development\APPLICATION\BLOG-APP\src\main\java\com\example\blog\services\impl\CategoryServiceImpl.java
C:\Users\himan\OneDrive\Desktop\backend development\APPLICATION\BLOG-APP\src\main\java\com\example\blog\services\impl\CommentServiceImpl.java
C:\Users\himan\OneDrive\Desktop\backend development\APPLICATION\BLOG-APP\src\main\java\com\example\blog\repositories\UserRepo.java
C:\Users\himan\OneDrive\Desktop\backend development\APPLICATION\BLOG-APP\src\main\java\com\example\blog\controllers\AuthController.java
C:\Users\himan\OneDrive\Desktop\backend development\APPLICATION\BLOG-APP\src\main\java\com\example\blog\services\UserService.java
C:\Users\himan\OneDrive\Desktop\backend development\APPLICATION\BLOG-APP\src\main\java\com\example\blog\controllers\CategoryController.java
C:\Users\himan\OneDrive\Desktop\backend development\APPLICATION\BLOG-APP\src\main\java\com\example\blog\controllers\PostController.java
C:\Users\himan\OneDrive\Desktop\backend development\APPLICATION\BLOG-APP\src\main\java\com\example\blog\BlogAppApplication.java
C:\Users\himan\OneDrive\Desktop\backend development\APPLICATION\BLOG-APP\src\main\java\com\example\blog\repositories\CommentRepo.java
C:\Users\himan\OneDrive\Desktop\backend development\APPLICATION\BLOG-APP\src\main\java\com\example\blog\services\impl\UserServiceImpl.java
C:\Users\himan\OneDrive\Desktop\backend development\APPLICATION\BLOG-APP\src\main\java\com\example\blog\security\JwtTokenHelper.java
C:\Users\himan\OneDrive\Desktop\backend development\APPLICATION\BLOG-APP\src\main\java\com\example\blog\exceptions\ApiException.java
C:\Users\himan\OneDrive\Desktop\backend development\APPLICATION\BLOG-APP\src\main\java\com\example\blog\entities\Role.java
C:\Users\himan\OneDrive\Desktop\backend development\APPLICATION\BLOG-APP\src\main\java\com\example\blog\security\JwtAuthenticationFilter.java
C:\Users\himan\OneDrive\Desktop\backend development\APPLICATION\BLOG-APP\src\main\java\com\example\blog\controllers\UserControllers.java
C:\Users\himan\OneDrive\Desktop\backend development\APPLICATION\BLOG-APP\src\main\java\com\example\blog\controllers\CommentController.java
C:\Users\himan\OneDrive\Desktop\backend development\APPLICATION\BLOG-APP\src\main\java\com\example\blog\services\CommentService.java
C:\Users\himan\OneDrive\Desktop\backend development\APPLICATION\BLOG-APP\src\main\java\com\example\blog\services\impl\FileServiceImpl.java
C:\Users\himan\OneDrive\Desktop\backend development\APPLICATION\BLOG-APP\src\main\java\com\example\blog\config\CorsConfig.java
C:\Users\himan\OneDrive\Desktop\backend development\APPLICATION\BLOG-APP\src\main\java\com\example\blog\payloads\CategoryDto.java
C:\Users\himan\OneDrive\Desktop\backend development\APPLICATION\BLOG-APP\src\main\java\com\example\blog\exceptions\GlobalExceptionHandler.java
C:\Users\himan\OneDrive\Desktop\backend development\APPLICATION\BLOG-APP\src\main\java\com\example\blog\entities\Category.java
C:\Users\himan\OneDrive\Desktop\backend development\APPLICATION\BLOG-APP\src\main\java\com\example\blog\payloads\JwtAuthRequest.java
